[0.055s] Invoking command in '/Users/grigorijhanin/gravitsapa/build/pretty_woman_interfaces': SHLVL=2 _=/usr/bin/env /usr/local/bin/cmake /Users/grigorijhanin/gravitsapa/pretty_woman_interfaces -DCMAKE_INSTALL_PREFIX=/Users/grigorijhanin/gravitsapa/install/pretty_woman_interfaces
[0.113s] -- Found ament_cmake: 0.9.8 (/Users/grigorijhanin/ros2_foxy/ros2-osx/share/ament_cmake/cmake)
[0.153s] -- Using PYTHON_EXECUTABLE: /usr/local/bin/python3
[0.364s] -- Found ament_lint_auto: 0.9.6 (/Users/grigorijhanin/ros2_foxy/ros2-osx/share/ament_lint_auto/cmake)
[0.436s] Error parsing '/Users/grigorijhanin/gravitsapa/pretty_woman_interfaces/package.xml':
[0.444s] Traceback (most recent call last):
[0.445s]   File "/usr/local/lib/python3.8/site-packages/catkin_pkg/package.py", line 596, in parse_package_string
[0.445s]     root = dom.parseString(data)
[0.445s]   File "/usr/local/Cellar/python@3.8/3.8.7_2/Frameworks/Python.framework/Versions/3.8/lib/python3.8/xml/dom/minidom.py", line 1969, in parseString
[0.445s]     return expatbuilder.parseString(string)
[0.445s]   File "/usr/local/Cellar/python@3.8/3.8.7_2/Frameworks/Python.framework/Versions/3.8/lib/python3.8/xml/dom/expatbuilder.py", line 925, in parseString
[0.445s]     return builder.parseString(string)
[0.445s]   File "/usr/local/Cellar/python@3.8/3.8.7_2/Frameworks/Python.framework/Versions/3.8/lib/python3.8/xml/dom/expatbuilder.py", line 223, in parseString
[0.445s]     parser.Parse(string, True)
[0.445s] xml.parsers.expat.ExpatError: junk after document element: line 19, column 0
[0.446s] 
[0.446s] During handling of the above exception, another exception occurred:
[0.446s] 
[0.446s] Traceback (most recent call last):
[0.446s]   File "/Users/grigorijhanin/ros2_foxy/ros2-osx/share/ament_cmake_core/cmake/core/package_xml_2_cmake.py", line 143, in <module>
[0.446s]     main()
[0.446s]   File "/Users/grigorijhanin/ros2_foxy/ros2-osx/share/ament_cmake_core/cmake/core/package_xml_2_cmake.py", line 52, in main
[0.446s]     raise e
[0.446s]   File "/Users/grigorijhanin/ros2_foxy/ros2-osx/share/ament_cmake_core/cmake/core/package_xml_2_cmake.py", line 48, in main
[0.446s]     package = parse_package_string(
[0.446s]   File "/usr/local/lib/python3.8/site-packages/catkin_pkg/package.py", line 598, in parse_package_string
[0.447s]     raise InvalidPackage('The manifest contains invalid XML:\n%s' % ex, filename)
[0.447s] catkin_pkg.package.InvalidPackage: Error(s) in package '/Users/grigorijhanin/gravitsapa/pretty_woman_interfaces/package.xml':
[0.447s] The manifest contains invalid XML:
[0.447s] junk after document element: line 19, column 0
[0.451s] CMake Error at /Users/grigorijhanin/ros2_foxy/ros2-osx/share/ament_cmake_core/cmake/core/ament_package_xml.cmake:94 (message):
[0.451s]   execute_process(/usr/local/bin/python3
[0.452s]   /Users/grigorijhanin/ros2_foxy/ros2-osx/share/ament_cmake_core/cmake/core/package_xml_2_cmake.py
[0.452s]   /Users/grigorijhanin/gravitsapa/pretty_woman_interfaces/package.xml
[0.452s]   /Users/grigorijhanin/gravitsapa/build/pretty_woman_interfaces/ament_cmake_core/package.cmake)
[0.452s]   returned error code 1
[0.452s] Call Stack (most recent call first):
[0.452s]   /Users/grigorijhanin/ros2_foxy/ros2-osx/share/ament_cmake_core/cmake/core/ament_package_xml.cmake:49 (_ament_package_xml)
[0.452s]   /Users/grigorijhanin/ros2_foxy/ros2-osx/share/ament_lint_auto/cmake/ament_lint_auto_find_test_dependencies.cmake:31 (ament_package_xml)
[0.452s]   CMakeLists.txt:32 (ament_lint_auto_find_test_dependencies)
[0.453s] 
[0.453s] 
[0.453s] -- Configuring incomplete, errors occurred!
[0.453s] See also "/Users/grigorijhanin/gravitsapa/build/pretty_woman_interfaces/CMakeFiles/CMakeOutput.log".
[0.455s] Invoked command in '/Users/grigorijhanin/gravitsapa/build/pretty_woman_interfaces' returned '1': SHLVL=2 _=/usr/bin/env /usr/local/bin/cmake /Users/grigorijhanin/gravitsapa/pretty_woman_interfaces -DCMAKE_INSTALL_PREFIX=/Users/grigorijhanin/gravitsapa/install/pretty_woman_interfaces
